
Memory Configuration

Name             Origin             Length             Attributes
flash            0x00000000         0x00008000
ram              0x10000000         0x00002000
*default*        0x00000000         0xffffffff

Linker script and memory map

LOAD init.o
LOAD main.o
LOAD ..\..\lib\gcc\arm-none-eabi\4.8.3\armv6-m\libgcc.a
                0x00000000                . = ORIGIN (flash)

.text           0x00000000      0x234
 *(.vectors)
 .vectors       0x00000000       0xc0 init.o
                0x00000000                Vectors
 *(.text)
 .text          0x000000c0       0xcc init.o
                0x000000c0                clock_init
                0x0000010c                init
                0x00000184                Default_Handler
 .text          0x0000018c       0xa8 main.o
                0x0000018c                delay
                0x000001a8                ConfigPins
                0x00000200                main

.glue_7         0x00000234        0x0
 .glue_7        0x00000000        0x0 linker stubs

.glue_7t        0x00000234        0x0
 .glue_7t       0x00000000        0x0 linker stubs

.vfp11_veneer   0x00000234        0x0
 .vfp11_veneer  0x00000000        0x0 linker stubs

.v4_bx          0x00000234        0x0
 .v4_bx         0x00000000        0x0 linker stubs

.iplt           0x00000234        0x0
 .iplt          0x00000000        0x0 init.o

.rel.dyn        0x00000234        0x0
 .rel.iplt      0x00000000        0x0 init.o
                0x10000000                . = ORIGIN (ram)

.data           0x10000000        0x0 load address 0x00000234
                0x00000234                INIT_DATA_VALUES = LOADADDR (.data)
                0x10000000                INIT_DATA_START = .
 *(.data)
 .data          0x10000000        0x0 init.o
 .data          0x10000000        0x0 main.o
                0x10000000                INIT_DATA_END = .
                0x10000000                BSS_START = .

.igot.plt       0x10000000        0x0 load address 0x00000234
 .igot.plt      0x00000000        0x0 init.o

.bss            0x10000000        0x0 load address 0x00000234
 *(.bss)
 .bss           0x10000000        0x0 init.o
 .bss           0x10000000        0x0 main.o
                0x10000000                BSS_END = .
OUTPUT(main.elf elf32-littlearm)

.debug_info     0x00000000      0x194
 .debug_info    0x00000000      0x116 init.o
 .debug_info    0x00000116       0x7e main.o

.debug_abbrev   0x00000000      0x169
 .debug_abbrev  0x00000000       0xe8 init.o
 .debug_abbrev  0x000000e8       0x81 main.o

.debug_aranges  0x00000000       0x40
 .debug_aranges
                0x00000000       0x20 init.o
 .debug_aranges
                0x00000020       0x20 main.o

.debug_line     0x00000000       0xa7
 .debug_line    0x00000000       0x5b init.o
 .debug_line    0x0000005b       0x4c main.o

.debug_str      0x00000000      0x164
 .debug_str     0x00000000      0x132 init.o
                                0x137 (size before relaxing)
 .debug_str     0x00000132       0x32 main.o
                                 0xa8 (size before relaxing)

.comment        0x00000000       0x70
 .comment       0x00000000       0x70 init.o
                                 0x71 (size before relaxing)
 .comment       0x00000000       0x71 main.o

.ARM.attributes
                0x00000000       0x31
 .ARM.attributes
                0x00000000       0x31 init.o
 .ARM.attributes
                0x00000031       0x31 main.o

.debug_frame    0x00000000       0xd0
 .debug_frame   0x00000000       0x68 init.o
 .debug_frame   0x00000068       0x68 main.o

Cross Reference Table

Symbol                                            File
BSS_END                                           init.o
BSS_START                                         init.o
ConfigPins                                        main.o
Default_Handler                                   init.o
INIT_DATA_END                                     init.o
INIT_DATA_START                                   init.o
INIT_DATA_VALUES                                  init.o
Vectors                                           init.o
clock_init                                        init.o
delay                                             main.o
init                                              init.o
main                                              main.o
                                                  init.o
