Product: MDK-ARM Lite 5.10
Component: ARM Compiler 5.04 update 1 (build 49)
Tool: armlink [5040049]

==============================================================================

Section Cross References

    main.o(THUMB) refers to main.o(DATA) for TargetString


==============================================================================

Image Symbol Table

    Local Symbols

    Symbol Name                              Value     Ov Type        Size  Object(Section)

    THUMB                                    0x00000000   Section      116  main.o(THUMB)
    main.s                                   0x00000000   Number         0  main.o ABSOLUTE
    TestString                               0x0000005e   Data           7  main.o(THUMB)
    DATA                                     0x20000000   Section       20  main.o(DATA)
    TargetString                             0x20000000   Data          20  main.o(DATA)

    Global Symbols

    Symbol Name                              Value     Ov Type        Size  Object(Section)

    BuildAttributes$$THM_ISAv3M$S$PE$A:L22$X:L11$S22$IEEE1$IW$USESV6$~STKCKD$USESV7$~SHL$OSPACE$EBA8$STANDARDLIB$EABIv2 0x00000000   Number         0  anon$$obj.o ABSOLUTE
    __Vectors                                0x00000000   Data           0  main.o(THUMB)
    Reset_Handler                            0x00000009   Thumb Code     0  main.o(THUMB)



==============================================================================

Memory Map of the image

  Image Entry point : 0x00000009

  Load Region LR_1 (Base: 0x00000000, Size: 0x00000088, Max: 0xffffffff, ABSOLUTE)

    Execution Region ER_RO (Base: 0x00000000, Size: 0x00000074, Max: 0xffffffff, ABSOLUTE)

    Base Addr    Size         Type   Attr      Idx    E Section Name        Object

    0x00000000   0x00000074   Code   RO            2  * THUMB               main.o


    Execution Region ER_RW (Base: 0x20000000, Size: 0x00000014, Max: 0xffffffff, ABSOLUTE)

    Base Addr    Size         Type   Attr      Idx    E Section Name        Object

    0x20000000   0x00000014   Data   RW            1    DATA                main.o


    Execution Region ER_ZI (Base: 0x20000014, Size: 0x00000000, Max: 0xffffffff, ABSOLUTE)

    **** No section assigned to this execution region ****


==============================================================================

Image component sizes


      Code (inc. data)   RO Data    RW Data    ZI Data      Debug   Object Name

       116         30          0         20          0        264   main.o

    ----------------------------------------------------------------------
       116         30          0         20          0        264   Object Totals
         0          0          0          0          0          0   (incl. Generated)
         0          0          0          0          0          0   (incl. Padding)

    ----------------------------------------------------------------------
         0          0          0          0          0          0   Library Totals
         0          0          0          0          0          0   (incl. Padding)

    ----------------------------------------------------------------------

==============================================================================


      Code (inc. data)   RO Data    RW Data    ZI Data      Debug   

       116         30          0         20          0        264   Grand Totals
       116         30          0         20          0        264   ELF Image Totals
       116         30          0         20          0          0   ROM Totals

==============================================================================

    Total RO  Size (Code + RO Data)                  116 (   0.11kB)
    Total RW  Size (RW Data + ZI Data)                20 (   0.02kB)
    Total ROM Size (Code + RO Data + RW Data)        136 (   0.13kB)

==============================================================================

