<!doctype html public "-//w3c//dtd html 4.0 transitional//en">
<html><head>
<title>Static Call Graph - [.\Sim1.axf]</title></head>
<body><HR>
<H1>Static Call Graph for image .\Sim1.axf</H1><HR>
<BR><P>#&#060CALLGRAPH&#062# ARM Linker, 5040049: Last Updated: Thu Mar 30 14:24:14 2017
<BR><P>
<H3>Maximum Stack Usage =          0 bytes + Unknown(Functions without stacksize, Untraceable Function Pointers)</H3><H3>
Call chain for Maximum Stack Depth:</H3>

<P>
<H3>
Functions with no stack information
</H3><UL>
 <LI><a href="#[1]">Reset_Handler</a>
</UL>
</UL>
<P>
<H3>
Function Pointers
</H3><UL>
 <LI><a href="#[1]">Reset_Handler</a> from test1.o(THUMB) referenced from test1.o(THUMB)
</UL>
<P>
<H3>
Global Symbols
</H3>
<P><STRONG><a name="[1]"></a>Reset_Handler</STRONG> (Thumb, 0 bytes, Stack size unknown bytes, test1.o(THUMB))
<P>
<H3>
Local Symbols
</H3><P>
<H3>
Undefined Global Symbols
</H3><HR></body></html>
