ARM Linker, 5.03 [Build 76] [MDK-ARM Lite]

==============================================================================

Section Cross References

    main.o(THUMB) refers to main.o(DATA) for Stack


==============================================================================

Image Symbol Table

    Local Symbols

    Symbol Name                              Value     Ov Type        Size  Object(Section)

    THUMB                                    0x00000000   Section       80  main.o(THUMB)
    main.s                                   0x00000000   Number         0  main.o ABSOLUTE
    Operand1                                 0x00000008   Data           8  main.o(THUMB)
    Operand2                                 0x00000010   Data           8  main.o(THUMB)
    DATA                                     0x20000000   Section      264  main.o(DATA)
    HighSum                                  0x20000000   Data           4  main.o(DATA)
    LowSum                                   0x20000004   Data           4  main.o(DATA)
    Stack                                    0x20000008   Data         256  main.o(DATA)

    Global Symbols

    Symbol Name                              Value     Ov Type        Size  Object(Section)

    BuildAttributes$$THM_ISAv3M$S$PE$A:L22$X:L11$S22$IEEE1$IW$USESV6$~STKCKD$USESV7$~SHL$OSPACE$EBA8$STANDARDLIB$PRES8$EABIv2 0x00000000   Number         0  anon$$obj.o ABSOLUTE
    __Vectors                                0x00000000   Data           0  main.o(THUMB)
    Reset_Handler                            0x00000019   Thumb Code     0  main.o(THUMB)



==============================================================================

Memory Map of the image

  Image Entry point : 0x00000019

  Load Region LR_1 (Base: 0x00000000, Size: 0x00000158, Max: 0xffffffff, ABSOLUTE)

    Execution Region ER_RO (Base: 0x00000000, Size: 0x00000050, Max: 0xffffffff, ABSOLUTE)

    Base Addr    Size         Type   Attr      Idx    E Section Name        Object

    0x00000000   0x00000050   Code   RO            2  * THUMB               main.o


    Execution Region ER_RW (Base: 0x20000000, Size: 0x00000108, Max: 0xffffffff, ABSOLUTE)

    Base Addr    Size         Type   Attr      Idx    E Section Name        Object

    0x20000000   0x00000108   Data   RW            1    DATA                main.o


    Execution Region ER_ZI (Base: 0x20000108, Size: 0x00000000, Max: 0xffffffff, ABSOLUTE)

    **** No section assigned to this execution region ****


==============================================================================

Image component sizes


      Code (inc. data)   RO Data    RW Data    ZI Data      Debug   Object Name

        80         50          0        264          0        192   main.o

    ----------------------------------------------------------------------
        80         50          0        264          0        192   Object Totals
         0          0          0          0          0          0   (incl. Generated)
         0          0          0          0          0          0   (incl. Padding)

    ----------------------------------------------------------------------
         0          0          0          0          0          0   Library Totals
         0          0          0          0          0          0   (incl. Padding)

    ----------------------------------------------------------------------

==============================================================================


      Code (inc. data)   RO Data    RW Data    ZI Data      Debug   

        80         50          0        264          0        192   Grand Totals
        80         50          0        264          0        192   ELF Image Totals
        80         50          0        264          0          0   ROM Totals

==============================================================================

    Total RO  Size (Code + RO Data)                   80 (   0.08kB)
    Total RW  Size (RW Data + ZI Data)               264 (   0.26kB)
    Total ROM Size (Code + RO Data + RW Data)        344 (   0.34kB)

==============================================================================

