
Memory Configuration

Name             Origin             Length             Attributes
flash            0x00000000         0x00008000
ram              0x10000000         0x00002000
*default*        0x00000000         0xffffffff

Linker script and memory map

LOAD init.o
LOAD C:\Program Files\arm_sdk\lib\gcc\arm-none-eabi\4.8.3\armv6-m\libgcc.a
                0x00000000                . = ORIGIN (flash)

.text           0x00000000      0x18c
 *(.vectors)
 .vectors       0x00000000       0xc0 init.o
                0x00000000                Vectors
 *(.text)
 .text          0x000000c0       0xcc init.o
                0x000000c0                clock_init
                0x0000010c                init
                0x00000184                Default_Handler

.glue_7         0x0000018c        0x0
 .glue_7        0x00000000        0x0 linker stubs

.glue_7t        0x0000018c        0x0
 .glue_7t       0x00000000        0x0 linker stubs

.vfp11_veneer   0x0000018c        0x0
 .vfp11_veneer  0x00000000        0x0 linker stubs

.v4_bx          0x0000018c        0x0
 .v4_bx         0x00000000        0x0 linker stubs

.iplt           0x0000018c        0x0
 .iplt          0x00000000        0x0 init.o

.rel.dyn        0x0000018c        0x0
 .rel.iplt      0x00000000        0x0 init.o
                0x10000000                . = ORIGIN (ram)

.data           0x10000000        0x0 load address 0x0000018c
                0x0000018c                INIT_DATA_VALUES = LOADADDR (.data)
                0x10000000                INIT_DATA_START = .
 *(.data)
 .data          0x10000000        0x0 init.o
                0x10000000                INIT_DATA_END = .
                0x10000000                BSS_START = .

.igot.plt       0x10000000        0x0 load address 0x0000018c
 .igot.plt      0x00000000        0x0 init.o

.bss            0x10000000        0x0 load address 0x0000018c
 *(.bss)
 .bss           0x10000000        0x0 init.o
                0x10000000                BSS_END = .
OUTPUT(main.elf elf32-littlearm)

.debug_info     0x00000000      0x116
 .debug_info    0x00000000      0x116 init.o

.debug_abbrev   0x00000000       0xe8
 .debug_abbrev  0x00000000       0xe8 init.o

.debug_aranges  0x00000000       0x20
 .debug_aranges
                0x00000000       0x20 init.o

.debug_line     0x00000000       0x5b
 .debug_line    0x00000000       0x5b init.o

.debug_str      0x00000000      0x117
 .debug_str     0x00000000      0x117 init.o
                                0x11c (size before relaxing)

.comment        0x00000000       0x70
 .comment       0x00000000       0x70 init.o
                                 0x71 (size before relaxing)

.ARM.attributes
                0x00000000       0x31
 .ARM.attributes
                0x00000000       0x31 init.o

.debug_frame    0x00000000       0x68
 .debug_frame   0x00000000       0x68 init.o

Cross Reference Table

Symbol                                            File
BSS_END                                           init.o
BSS_START                                         init.o
Default_Handler                                   init.o
INIT_DATA_END                                     init.o
INIT_DATA_START                                   init.o
INIT_DATA_VALUES                                  init.o
SysTick                                           init.o
Vectors                                           init.o
clock_init                                        init.o
init                                              init.o
main                                              init.o
